################################################################################
#                                                                              #
#      IAR Universal Linker V6.1.3.56                                          #
#                                                                              #
#           Link time     =  13/Dec/2016  10:36:46                             #
#           Target CPU    =  MSP430                                            #
#           List file     =  Z:\EV_Charger\EV_Charger\Debug\List\EV_Charger.ma #
#                            p                                                 #
#           Output file 1 =  Z:\EV_Charger\EV_Charger\Debug\Exe\EV_Charger.d43 #
#                            Format: debug                                     #
#                            UBROF version 10.0.6                              #
#                            Using library modules for C-SPY (-rt)             #
#           Command line  =  Z:\EV_Charger\EV_Charger\Debug\Obj\Analog_samplin #
#                            g.r43                                             #
#                            Z:\EV_Charger\EV_Charger\Debug\Obj\board.r43      #
#                            "Z:\EV_Charger\EV_Charger\Debug\Exe\CC3000 Host D #
#                            river.r43"                                        #
#                            Z:\EV_Charger\EV_Charger\Debug\Exe\CC3000_Spi.r43 #
#                            Z:\EV_Charger\EV_Charger\Debug\Obj\Charger_States #
#                            .r43                                              #
#                            Z:\EV_Charger\EV_Charger\Debug\Obj\ControlPilot.r #
#                            43                                                #
#                            Z:\EV_Charger\EV_Charger\Debug\Obj\FlashMemory.r4 #
#                            3                                                 #
#                            Z:\EV_Charger\EV_Charger\Debug\Obj\Listener.r43   #
#                            Z:\EV_Charger\EV_Charger\Debug\Obj\Main.r43       #
#                            Z:\EV_Charger\EV_Charger\Debug\Obj\SmartConfig.r4 #
#                            3                                                 #
#                            Z:\EV_Charger\EV_Charger\Debug\Obj\Wattmeter.r43  #
#                            Z:\EV_Charger\EV_Charger\Debug\Obj\Wifi.r43 -o    #
#                            Z:\EV_Charger\EV_Charger\Debug\Exe\EV_Charger.d43 #
#                            -l                                                #
#                            Z:\EV_Charger\EV_Charger\Debug\List\EV_Charger.ma #
#                            p                                                 #
#                            -xmsn                                             #
#                            "-IC:\Archivos de programa\IAR Systems\Embedded W #
#                            orkbench 7.0\430\LIB\"                            #
#                            -f Z:\EV_Charger\EV_Charger\lnk430afe253.xcl      #
#                            (-D_STACK_SIZE=100 -cmsp430 -QCODE_I=CODE_ID      #
#                            -D__iar_HWMUL=130                                 #
#                            -Z(DATA)DATA16_I,DATA16_Z,DATA16_N=0200-03FF      #
#                            -Z(DATA)CODE_I -Z(DATA)CSTACK+_STACK_SIZE#        #
#                            -Z(CONST)DATA16_C,DATA16_ID,TLS16_ID,DIFUNCT,CHEC #
#                            KSUM=C200-FFDF                                    #
#                            -Z(CODE)CSTART,ISR_CODE,CODE_ID=C200-FFDF         #
#                            -P(CODE)CODE=C200-FFDF -Z(CODE)INTVEC=FFE0-FFFF   #
#                            -Z(CODE)RESET=FFFE-FFFF) -f                       #
#                            "C:\Archivos de programa\IAR Systems\Embedded Wor #
#                            kbench 7.0\430\config\linker\multiplier.xcl"      #
#                            (-e?Mul8Hw=?Mul8 -e?Mul16Hw=?Mul16                #
#                            -e?Mul16to32uHw=?Mul16to32u                       #
#                            -e?Mul16to32sHw=?Mul16to32s -e?Mul32Hw=?Mul32     #
#                            -e_Mul64iHw=_Mul64i                               #
#                            -e_Mul32u32uto64iHw=_Mul32u32uto64i               #
#                            -e?Mul32fHw=_Mul32f -e_Mul64fHwPtr=_Mul64fPtr)    #
#                            -rt                                               #
#                            "C:\Archivos de programa\IAR Systems\Embedded Wor #
#                            kbench 7.0\430\lib\dlib\dl430fn.r43"              #
#                            -s __program_start                                #
#                                                                              #
#                           Copyright (C) 1987-2014 IAR Systems AB.            #
################################################################################





                ****************************************
                *                                      *
                *           CROSS REFERENCE            *
                *                                      *
                ****************************************

       Program entry at :           C236  Relocatable, from module : ?cstart




                ****************************************
                *                                      *
                *            RUNTIME MODEL             *
                *                                      *
                ****************************************

  __Heap_Handler             = Basic
  __SystemLibrary            = DLib
  __core                     = 430
  __dlib_file_descriptor     = 0
  __dlib_full_locale_support = 0
  __double_size              = 32
  __pic                      = no
  __reg_r4                   = free
  __reg_r5                   = free
  __rt_version               = 3

                ****************************************
                *                                      *
                *    AUTOMATIC SYMBOL REDIRECTIONS     *
                *                                      *
                ****************************************

       All references to: _Printf
         were redirected to: _PrintfTiny



                ****************************************
                *                                      *
                *              MODULE MAP              *
                *                                      *
                ****************************************


  DEFINED ABSOLUTE ENTRIES
    *************************************************************************

  DEFINED ABSOLUTE ENTRIES
  PROGRAM MODULE, NAME : ?ABS_ENTRY_MOD

Absolute parts
           ENTRY                   ADDRESS         REF BY
           =====                   =======         ======
           __iar_HWMUL             0130            _Mul64iHw (?mul64ihw)
                                                   __hw_mul4 (?mul64ihw)
           _STACK_SIZE             0100 
    *************************************************************************

  FILE NAME : Z:\EV_Charger\EV_Charger\Debug\Obj\Analog_sampling.r43
  PROGRAM MODULE, NAME : Analog_sampling

  SEGMENTS IN THE MODULE
  ======================
DATA16_AN
  Relative segment, address: 0021 - 0021 (0x1 bytes), align: 0
  Segment part 1. ROOT        Intra module refs:   ControlPilot_OFF (ControlPilot)
                                                   SD24AISR
                                                   WriteWlanPin (board)
                                                   configureTimerPWM (board)
                                                   pio_init (board)
                                                   startCharge (board)
                                                   stopCharge (board)
           ENTRY                   ADDRESS         REF BY
           =====                   =======         ======
           P1OUT                   0021 
    -------------------------------------------------------------------------
DATA16_AN
  Relative segment, address: 0106 - 0107 (0x2 bytes), align: 0
  Segment part 2. ROOT        Intra module refs:   SyncAnalogSampling
                                                   initADC (board)
                                                   main (Main)
                                                   receiveMessage (Wifi)
                                                   sendMessage (Wifi)
                                                   simple_link_recv (socket)
           ENTRY                   ADDRESS         REF BY
           =====                   =======         ======
           SD24CCTL2               0106 
    -------------------------------------------------------------------------
DATA16_AN
  Relative segment, address: 0110 - 0111 (0x2 bytes), align: 0
  Segment part 3. ROOT        Intra module refs:   SD24AISR
           ENTRY                   ADDRESS         REF BY
           =====                   =======         ======
           SD24MEM0                0110 
    -------------------------------------------------------------------------
DATA16_AN
  Relative segment, address: 0112 - 0113 (0x2 bytes), align: 0
  Segment part 4. ROOT        Intra module refs:   SD24AISR
           ENTRY                   ADDRESS         REF BY
           =====                   =======         ======
           SD24MEM1                0112 
    -------------------------------------------------------------------------
DATA16_AN
  Relative segment, address: 0114 - 0115 (0x2 bytes), align: 0
  Segment part 5. ROOT        Intra module refs:   SD24AISR
           ENTRY                   ADDRESS         REF BY
           =====                   =======         ======
           SD24MEM2                0114 
    -------------------------------------------------------------------------
DATA16_AN
  Relative segment, address: 01AE - 01AF (0x2 bytes), align: 0
  Segment part 6. ROOT        Intra module refs:   SD24AISR
           ENTRY                   ADDRESS         REF BY
           =====                   =======         ======
           SD24IV                  01AE 
    -------------------------------------------------------------------------
DATA16_AN
  Relative segment, address: 012E - 012F (0x2 bytes), align: 0
  Segment part 7. ROOT        Intra module refs:   SyncAnalogSampling
           ENTRY                   ADDRESS         REF BY
           =====                   =======         ======
           TAIV                    012E 
    -------------------------------------------------------------------------
DATA16_AN
  Relative segment, address: 0164 - 0165 (0x2 bytes), align: 0
  Segment part 8. ROOT        Intra module refs:   ControlPilot_OFF (ControlPilot)
                                                   ControlPilot_ON (ControlPilot)
                                                   SD24AISR
                                                   configureTimerPWM (board)
           ENTRY                   ADDRESS         REF BY
           =====                   =======         ======
           TACCTL1                 0164 
    -------------------------------------------------------------------------
DATA16_AN
  Relative segment, address: 0176 - 0177 (0x2 bytes), align: 0
  Segment part 9. ROOT        Intra module refs:   SD24AISR
                                                   configureTimerPWM (board)
           ENTRY                   ADDRESS         REF BY
           =====                   =======         ======
           TACCR2                  0176 
    -------------------------------------------------------------------------
<CODE> 1 (was CODE)
  Relative segment, address: DBC6 - DC27 (0x62 bytes), align: 1
  Segment part 14.            Intra module refs:   SD24AISR::??INTVEC 24
           ENTRY                   ADDRESS         REF BY
           =====                   =======         ======
           SD24AISR                DBC6 
               interrupt function
               calls direct
               CSTACK = 00000000 ( 0000000C )
    -------------------------------------------------------------------------
<CODE> 1 (was CODE)
  Relative segment, address: E5B2 - E5BD (0xc bytes), align: 1
  Segment part 13.            Intra module refs:   SyncAnalogSampling::??INTVEC 10
           ENTRY                   ADDRESS         REF BY
           =====                   =======         ======
           SyncAnalogSampling      E5B2 
               interrupt function
               CSTACK = 00000000 ( 00000004 )
    -------------------------------------------------------------------------
INTVEC
  Common segment, address: FFE0 - FFEB (0xc bytes), align: 1
  Segment part 10. ROOT 
           ENTRY                   ADDRESS         REF BY
           =====                   =======         ======
           SyncAnalogSampling::??INTVEC 10
                                   FFEA 
    -------------------------------------------------------------------------
INTVEC
  Common segment, address: FFE0 - FFF9 (0x1a bytes), align: 1
  Segment part 11. ROOT 
           ENTRY                   ADDRESS         REF BY
           =====                   =======         ======
           SD24AISR::??INTVEC 24   FFF8 

    *************************************************************************

  FILE NAME : Z:\EV_Charger\EV_Charger\Debug\Obj\board.r43
  PROGRAM MODULE, NAME : board

  SEGMENTS IN THE MODULE
  ======================
DATA16_AN
  Relative segment, address: 0000 - 0000 (0x1 bytes), align: 0
  Segment part 1. ROOT        Intra module refs:   configureWatchdog
           ENTRY                   ADDRESS         REF BY
           =====                   =======         ======
           IE1                     0000 
    -------------------------------------------------------------------------
DATA16_AN
  Relative segment, address: 0002 - 0002 (0x1 bytes), align: 0
  Segment part 2. ROOT        Intra module refs:   SpiFirstWrite (spi)
                                                   SpiReadDataSynchronous (spi)
                                                   SpiWriteDataSynchronous (spi)
                                                   initClk
           ENTRY                   ADDRESS         REF BY
           =====                   =======         ======
           IFG1                    0002 
    -------------------------------------------------------------------------
DATA16_AN
  Relative segment, address: 0057 - 0057 (0x1 bytes), align: 0
  Segment part 3. ROOT        Intra module refs:   initClk
           ENTRY                   ADDRESS         REF BY
           =====                   =======         ======
           BCSCTL1                 0057 
    -------------------------------------------------------------------------
DATA16_AN
  Relative segment, address: 0058 - 0058 (0x1 bytes), align: 0
  Segment part 4. ROOT        Intra module refs:   initClk
           ENTRY                   ADDRESS         REF BY
           =====                   =======         ======
           BCSCTL2                 0058 
    -------------------------------------------------------------------------
DATA16_AN
  Relative segment, address: 0053 - 0053 (0x1 bytes), align: 0
  Segment part 5. ROOT        Intra module refs:   initClk
           ENTRY                   ADDRESS         REF BY
           =====                   =======         ======
           BCSCTL3                 0053 
    -------------------------------------------------------------------------
DATA16_AN
  Relative segment, address: 0020 - 0020 (0x1 bytes), align: 0
  Segment part 6. ROOT        Intra module refs:   ReadWlanInterruptPin
           ENTRY                   ADDRESS         REF BY
           =====                   =======         ======
           P1IN                    0020 
    -------------------------------------------------------------------------
DATA16_AN
  Relative segment, address: 0022 - 0022 (0x1 bytes), align: 0
  Segment part 8. ROOT        Intra module refs:   configureTimerPWM
                                                   pio_init
                                                   startCharge
           ENTRY                   ADDRESS         REF BY
           =====                   =======         ======
           P1DIR                   0022 
    -------------------------------------------------------------------------
DATA16_AN
  Relative segment, address: 0024 - 0024 (0x1 bytes), align: 0
  Segment part 9. ROOT        Intra module refs:   WlanInterruptEnable
           ENTRY                   ADDRESS         REF BY
           =====                   =======         ======
           P1IES                   0024 
    -------------------------------------------------------------------------
DATA16_AN
  Relative segment, address: 0025 - 0025 (0x1 bytes), align: 0
  Segment part 10. ROOT       Intra module refs:   SpiResumeSpi (spi)
                                                   SpiTriggerRxProcessing (spi)
                                                   WlanInterruptDisable
                                                   WlanInterruptEnable
           ENTRY                   ADDRESS         REF BY
           =====                   =======         ======
           P1IE                    0025 
    -------------------------------------------------------------------------
DATA16_AN
  Relative segment, address: 0026 - 0026 (0x1 bytes), align: 0
  Segment part 11. ROOT       Intra module refs:   ControlPilot_OFF (ControlPilot)
                                                   ControlPilot_ON (ControlPilot)
                                                   pio_init
           ENTRY                   ADDRESS         REF BY
           =====                   =======         ======
           P1SEL                   0026 
    -------------------------------------------------------------------------
DATA16_AN
  Relative segment, address: 0041 - 0041 (0x1 bytes), align: 0
  Segment part 12. ROOT       Intra module refs:   pio_init
           ENTRY                   ADDRESS         REF BY
           =====                   =======         ======
           P1SEL2                  0041 
    -------------------------------------------------------------------------
DATA16_AN
  Relative segment, address: 0029 - 0029 (0x1 bytes), align: 0
  Segment part 13. ROOT       Intra module refs:   IntSpiGPIOHandler (spi)
                                                   SpiFirstWrite (spi)
                                                   SpiTriggerRxProcessing (spi)
                                                   SpiWrite (spi)
                                                   pio_init
           ENTRY                   ADDRESS         REF BY
           =====                   =======         ======
           P2OUT                   0029 
    -------------------------------------------------------------------------
DATA16_AN
  Relative segment, address: 002A - 002A (0x1 bytes), align: 0
  Segment part 14. ROOT       Intra module refs:   pio_init
           ENTRY                   ADDRESS         REF BY
           =====                   =======         ======
           P2DIR                   002A 
    -------------------------------------------------------------------------
DATA16_AN
  Relative segment, address: 002E - 002E (0x1 bytes), align: 0
  Segment part 15. ROOT       Intra module refs:   pio_init
           ENTRY                   ADDRESS         REF BY
           =====                   =======         ======
           P2SEL                   002E 
    -------------------------------------------------------------------------
DATA16_AN
  Relative segment, address: 0042 - 0042 (0x1 bytes), align: 0
  Segment part 16. ROOT       Intra module refs:   pio_init
           ENTRY                   ADDRESS         REF BY
           =====                   =======         ======
           P2SEL2                  0042 
    -------------------------------------------------------------------------
DATA16_AN
  Relative segment, address: 0100 - 0101 (0x2 bytes), align: 0
  Segment part 17. ROOT       Intra module refs:   initADC
           ENTRY                   ADDRESS         REF BY
           =====                   =======         ======
           SD24CTL                 0100 
    -------------------------------------------------------------------------
DATA16_AN
  Relative segment, address: 0102 - 0103 (0x2 bytes), align: 0
  Segment part 18. ROOT       Intra module refs:   initADC
           ENTRY                   ADDRESS         REF BY
           =====                   =======         ======
           SD24CCTL0               0102 
    -------------------------------------------------------------------------
DATA16_AN
  Relative segment, address: 0104 - 0105 (0x2 bytes), align: 0
  Segment part 19. ROOT       Intra module refs:   initADC
                                                   startCharge
                                                   stopCharge
           ENTRY                   ADDRESS         REF BY
           =====                   =======         ======
           SD24CCTL1               0104 
    -------------------------------------------------------------------------
DATA16_AN
  Relative segment, address: 0160 - 0161 (0x2 bytes), align: 0
  Segment part 21. ROOT       Intra module refs:   configureTimerPWM
           ENTRY                   ADDRESS         REF BY
           =====                   =======         ======
           TACTL                   0160 
    -------------------------------------------------------------------------
DATA16_AN
  Relative segment, address: 0172 - 0173 (0x2 bytes), align: 0
  Segment part 23. ROOT       Intra module refs:   configureTimerPWM
           ENTRY                   ADDRESS         REF BY
           =====                   =======         ======
           TACCR0                  0172 
    -------------------------------------------------------------------------
DATA16_AN
  Relative segment, address: 0120 - 0121 (0x2 bytes), align: 0
  Segment part 25. ROOT       Intra module refs:   Charger_States (Charger_States)
                                                   WatchDogTimer
                                                   configureWatchdog
                                                   main (Main)
           ENTRY                   ADDRESS         REF BY
           =====                   =======         ======
           WDTCTL                  0120 
    -------------------------------------------------------------------------
<CODE> 1 (was CODE)
  Relative segment, address: E1A4 - E1CB (0x28 bytes), align: 1
  Segment part 43.
           ENTRY                   ADDRESS         REF BY
           =====                   =======         ======
           pio_init                E1A4            initDriver (Wifi)
                                                   main (Main)
               CSTACK = 00000000 ( 00000002 )
    -------------------------------------------------------------------------
<CODE> 1 (was CODE)
  Relative segment, address: E5BE - E5C9 (0xc bytes), align: 1
  Segment part 42.
           ENTRY                   ADDRESS         REF BY
           =====                   =======         ======
           ReadWlanInterruptPin    E5BE            initDriver (Wifi)
               CSTACK = 00000000 ( 00000002 )
    -------------------------------------------------------------------------
<CODE> 1 (was CODE)
  Relative segment, address: E42A - E439 (0x10 bytes), align: 1
  Segment part 41.
           ENTRY                   ADDRESS         REF BY
           =====                   =======         ======
           WlanInterruptEnable     E42A            initDriver (Wifi)
               CSTACK = 00000000 ( 00000002 )
    -------------------------------------------------------------------------
<CODE> 1 (was CODE)
  Relative segment, address: E654 - E65B (0x8 bytes), align: 1
  Segment part 40.
           ENTRY                   ADDRESS         REF BY
           =====                   =======         ======
           WlanInterruptDisable    E654            initDriver (Wifi)
               CSTACK = 00000000 ( 00000002 )
    -------------------------------------------------------------------------
<CODE> 1 (was CODE)
  Relative segment, address: E43A - E449 (0x10 bytes), align: 1
  Segment part 39.
           ENTRY                   ADDRESS         REF BY
           =====                   =======         ======
           WriteWlanPin            E43A            initDriver (Wifi)
               CSTACK = 00000000 ( 00000002 )
    -------------------------------------------------------------------------
<CODE> 1 (was CODE)
  Relative segment, address: E12A - E153 (0x2a bytes), align: 1
  Segment part 38.
           ENTRY                   ADDRESS         REF BY
           =====                   =======         ======
           initClk                 E12A            main (Main)
               CSTACK = 00000000 ( 00000002 )
    -------------------------------------------------------------------------
<CODE> 1 (was CODE)
  Relative segment, address: E34C - E35F (0x14 bytes), align: 1
  Segment part 37.
           ENTRY                   ADDRESS         REF BY
           =====                   =======         ======
           startCharge             E34C            Charger_States (Charger_States)
                                                   StartSmartConfig (SmartConfig)
                                                   main (Main)
               CSTACK = 00000000 ( 00000002 )
    -------------------------------------------------------------------------
<CODE> 1 (was CODE)
  Relative segment, address: E5FA - E605 (0xc bytes), align: 1
  Segment part 36.
           ENTRY                   ADDRESS         REF BY
           =====                   =======         ======
           stopCharge              E5FA            ?Subroutine0 (Charger_States)
                                                   Charger_States (Charger_States)
                                                   StartSmartConfig (SmartConfig)
                                                   main (Main)
               CSTACK = 00000000 ( 00000002 )
    -------------------------------------------------------------------------
<CODE> 1 (was CODE)
  Relative segment, address: E216 - E235 (0x20 bytes), align: 1
  Segment part 35.
           ENTRY                   ADDRESS         REF BY
           =====                   =======         ======
           configureTimerPWM       E216            main (Main)
               CSTACK = 00000000 ( 00000002 )
    -------------------------------------------------------------------------
<CODE> 1 (was CODE)
  Relative segment, address: DF1C - DF53 (0x38 bytes), align: 1
  Segment part 34.
           ENTRY                   ADDRESS         REF BY
           =====                   =======         ======
           initADC                 DF1C            main (Main)
               CSTACK = 00000000 ( 00000004 )
    -------------------------------------------------------------------------
<CODE> 1 (was CODE)
  Relative segment, address: E4EA - E4F7 (0xe bytes), align: 1
  Segment part 33.
           ENTRY                   ADDRESS         REF BY
           =====                   =======         ======
           configureWatchdog       E4EA            Charger_States (Charger_States)
                                                   main (Main)
               CSTACK = 00000000 ( 00000002 )
    -------------------------------------------------------------------------
DATA16_Z
  Relative segment, address: 027A - 027A (0x1 bytes), align: 0
  Segment part 28.            Intra module refs:   WatchDogTimer
           ENTRY                   ADDRESS         REF BY
           =====                   =======         ======
           WDT_counter             027A            checkMessage (Listener)
    -------------------------------------------------------------------------
<CODE> 1 (was CODE)
  Relative segment, address: E01A - E047 (0x2e bytes), align: 1
  Segment part 31.            Intra module refs:   WatchDogTimer::??INTVEC 20
           ENTRY                   ADDRESS         REF BY
           =====                   =======         ======
           WatchDogTimer           E01A 
               interrupt function
               calls direct
               CSTACK = 00000000 ( 0000000C )
    -------------------------------------------------------------------------
<CODE> 1 (was CODE)
  Relative segment, address: E4CA - E4D9 (0x10 bytes), align: 1
  Segment part 32.            Intra module refs:   WatchDogTimer
           LOCAL                   ADDRESS         
           =====                   =======         
           ?Subroutine0            E4CA 
    -------------------------------------------------------------------------
<CODE> 1 (was CODE)
  Relative segment, address: DE4C - DE91 (0x46 bytes), align: 1
  Segment part 29.
           ENTRY                   ADDRESS         REF BY
           =====                   =======         ======
           Timeout                 DE4C            main (Main)
               calls direct
               CSTACK = 00000000 ( 00000012 )
    -------------------------------------------------------------------------
INTVEC
  Common segment, address: FFE0 - FFF5 (0x16 bytes), align: 1
  Segment part 26. ROOT 
           ENTRY                   ADDRESS         REF BY
           =====                   =======         ======
           WatchDogTimer::??INTVEC 20
                                   FFF4 

    *************************************************************************

  FILE NAME : Z:\EV_Charger\EV_Charger\Debug\Exe\CC3000 Host Driver.r43
  LIBRARY MODULE, NAME : cc3000_common

  SEGMENTS IN THE MODULE
  ======================
<CODE> 1 (was CODE)
  Relative segment, address: E256 - E275 (0x20 bytes), align: 1
  Segment part 5.
           ENTRY                   ADDRESS         REF BY
           =====                   =======         ======
           UINT32_TO_STREAM_f      E256            ?Subroutine12 (socket)
                                                   ?Subroutine3 (socket)
                                                   ?Subroutine3 (wlan)
                                                   ?Subroutine5 (socket)
                                                   Segment part 33 (socket)
                                                   hci_event_handler (evnt_handler)
                                                   netapp_timeout_values (netapp)
                                                   simple_link_recv (socket)
                                                   socket (socket)
                                                   wlan_ioctl_del_profile (wlan)
                                                   wlan_ioctl_set_connection_policy (wlan)
               CSTACK = 00000000 ( 00000002 )
    -------------------------------------------------------------------------
<CODE> 1 (was CODE)
  Relative segment, address: E49A - E4A9 (0x10 bytes), align: 1
  Segment part 4.
           ENTRY                   ADDRESS         REF BY
           =====                   =======         ======
           UINT16_TO_STREAM_f      E49A            hci_command_send (hci)
                                                   hci_data_send (hci)
                                                   hci_patch_send (hci)
               CSTACK = 00000000 ( 00000002 )
    -------------------------------------------------------------------------
<CODE> 1 (was CODE)
  Relative segment, address: E48A - E499 (0x10 bytes), align: 1
  Segment part 3.
           ENTRY                   ADDRESS         REF BY
           =====                   =======         ======
           STREAM_TO_UINT16_f      E48A            SpiReadDataCont (spi)
                                                   hci_event_handler (evnt_handler)
                                                   hci_event_unsol_flowcontrol_handler (evnt_handler)
                                                   hci_unsol_event_handler (evnt_handler)
               CSTACK = 00000000 ( 00000002 )
    -------------------------------------------------------------------------
<CODE> 1 (was CODE)
  Relative segment, address: E0A4 - E0D1 (0x2e bytes), align: 1
  Segment part 2.
           ENTRY                   ADDRESS         REF BY
           =====                   =======         ======
           STREAM_TO_UINT32_f      E0A4            hci_event_handler (evnt_handler)
                                                   hci_unsol_event_handler (evnt_handler)
               CSTACK = 00000000 ( 00000006 )

    -------------------------------------------------------------------------
  LIBRARY MODULE, NAME : evnt_handler

  SEGMENTS IN THE MODULE
  ======================
DATA16_I
  Relative segment, address: 0200 - 0203 (0x4 bytes), align: 1
  Segment part 2.             Intra module refs:   ?Subroutine4
                                                   set_socket_active_status
           ENTRY                   ADDRESS         REF BY
           =====                   =======         ======
           socket_active_status    0200 
    -------------------------------------------------------------------------
DATA16_Z
  Relative segment, address: 027B - 027E (0x4 bytes), align: 0
  Segment part 4.             Intra module refs:   hci_unsol_event_handler
           ENTRY                   ADDRESS         REF BY
           =====                   =======         ======
           localIP                 027B 
    -------------------------------------------------------------------------
<CODE> 1 (was CODE)
  Relative segment, address: C25E - C28D (0x30 bytes), align: 1
  Segment part 11.
           ENTRY                   ADDRESS         REF BY
           =====                   =======         ======
           hci_unsolicited_event_handler
                                   C25E            SpiReceiveHandler (wlan)
               calls direct
               CSTACK = 00000000 ( 00000006 )
    -------------------------------------------------------------------------
<CODE> 1 (was CODE)
  Relative segment, address: C28E - C293 (0x6 bytes), align: 1
  Segment part 12.            Intra module refs:   hci_unsol_handle_patch_request
                                                   hci_unsolicited_event_handler
           LOCAL                   ADDRESS         
           =====                   =======         
           ?Subroutine0            C28E 
    -------------------------------------------------------------------------
<CODE> 1 (was CODE)
  Relative segment, address: C294 - C45D (0x1ca bytes), align: 1
  Segment part 13.            Intra module refs:   hci_event_handler
                                                   hci_unsolicited_event_handler
           ENTRY                   ADDRESS         REF BY
           =====                   =======         ======
           hci_unsol_event_handler
                                   C294 
               calls direct and indirect
               CSTACK = 00000000 ( 00000038 )
    -------------------------------------------------------------------------
<CODE> 1 (was CODE)
  Relative segment, address: C45E - C461 (0x4 bytes), align: 1
  Segment part 14.            Intra module refs:   hci_unsol_event_handler
           LOCAL                   ADDRESS         
           =====                   =======         
           ?Subroutine3            C45E 
    -------------------------------------------------------------------------
<CODE> 1 (was CODE)
  Relative segment, address: C462 - C475 (0x14 bytes), align: 1
  Segment part 15.            Intra module refs:   ?Subroutine10
                                                   ?Subroutine3
           LOCAL                   ADDRESS         
           =====                   =======         
           ?Subroutine13           C462 
    -------------------------------------------------------------------------
<CODE> 1 (was CODE)
  Relative segment, address: C476 - C47D (0x8 bytes), align: 1
  Segment part 16.            Intra module refs:   ?Subroutine3
                                                   hci_unsol_event_handler
           LOCAL                   ADDRESS         
           =====                   =======         
           ?Subroutine10           C476 
    -------------------------------------------------------------------------
<CODE> 1 (was CODE)
  Relative segment, address: C47E - C709 (0x28c bytes), align: 1
  Segment part 17.            Intra module refs:   SimpleLinkWaitData
                                                   SimpleLinkWaitEvent
           ENTRY                   ADDRESS         REF BY
           =====                   =======         ======
           hci_event_handler       C47E 
               calls direct and indirect
               CSTACK = 00000000 ( 00000018 )
    -------------------------------------------------------------------------
<CODE> 1 (was CODE)
  Relative segment, address: C70A - C717 (0xe bytes), align: 1
  Segment part 18.            Intra module refs:   ?Subroutine11
                                                   hci_event_handler
           LOCAL                   ADDRESS         
           =====                   =======         
           ?Subroutine16           C70A 
    -------------------------------------------------------------------------
<CODE> 1 (was CODE)
  Relative segment, address: C718 - C727 (0x10 bytes), align: 1
  Segment part 19.            Intra module refs:   hci_event_handler
           LOCAL                   ADDRESS         
           =====                   =======         
           ?Subroutine6            C718 
    -------------------------------------------------------------------------
<CODE> 1 (was CODE)
  Relative segment, address: C728 - C72B (0x4 bytes), align: 1
  Segment part 20.            Intra module refs:   hci_event_handler
           LOCAL                   ADDRESS         
           =====                   =======         
           ?Subroutine5            C728 
    -------------------------------------------------------------------------
<CODE> 1 (was CODE)
  Relative segment, address: C72C - C739 (0xe bytes), align: 1
  Segment part 21.            Intra module refs:   ?Subroutine5
           LOCAL                   ADDRESS         
           =====                   =======         
           ?Subroutine11           C72C 
    -------------------------------------------------------------------------
<CODE> 1 (was CODE)
  Relative segment, address: C73A - C747 (0xe bytes), align: 1
  Segment part 22.            Intra module refs:   ?Subroutine1
                                                   hci_event_handler
           LOCAL                   ADDRESS         
           =====                   =======         
           ?Subroutine9            C73A 
    -------------------------------------------------------------------------
<CODE> 1 (was CODE)
  Relative segment, address: C748 - C759 (0x12 bytes), align: 1
  Segment part 23.            Intra module refs:   ?Subroutine9
                                                   hci_event_handler
           LOCAL                   ADDRESS         
           =====                   =======         
           ?Subroutine14           C748 
    -------------------------------------------------------------------------
<CODE> 1 (was CODE)
  Relative segment, address: C75A - C75F (0x6 bytes), align: 1
  Segment part 24.            Intra module refs:   hci_event_handler
           LOCAL                   ADDRESS         
           =====                   =======         
           ?Subroutine1            C75A 
    -------------------------------------------------------------------------
<CODE> 1 (was CODE)
  Relative segment, address: C760 - C76D (0xe bytes), align: 1
  Segment part 25.            Intra module refs:   ?Subroutine1
                                                   ?Subroutine9
                                                   hci_event_handler
           LOCAL                   ADDRESS         
           =====                   =======         
           ?Subroutine15           C760 
    -------------------------------------------------------------------------
<CODE> 1 (was CODE)
  Relative segment, address: C76E - C7FD (0x90 bytes), align: 1
  Segment part 26.            Intra module refs:   hci_event_handler
           ENTRY                   ADDRESS         REF BY
           =====                   =======         ======
           hci_unsol_handle_patch_request
                                   C76E 
               calls direct and indirect
               CSTACK = 00000000 ( 0000000A )
    -------------------------------------------------------------------------
<CODE> 1 (was CODE)
  Relative segment, address: DC28 - DC7D (0x56 bytes), align: 1
  Segment part 9.             Intra module refs:   hci_event_handler
                                                   hci_unsol_event_handler
           ENTRY                   ADDRESS         REF BY
           =====                   =======         ======
           set_socket_active_status
                                   DC28            ?Subroutine4 (socket)
               CSTACK = 00000000 ( 0000000A )
    -------------------------------------------------------------------------
<CODE> 1 (was CODE)
  Relative segment, address: E3D2 - E3E3 (0x12 bytes), align: 1
  Segment part 10.            Intra module refs:   get_socket_active_status
                                                   set_socket_active_status
           LOCAL                   ADDRESS         
           =====                   =======         
           ?Subroutine4            E3D2 
    -------------------------------------------------------------------------
<CODE> 1 (was CODE)
  Relative segment, address: DE02 - DE4B (0x4a bytes), align: 1
  Segment part 8.             Intra module refs:   hci_unsol_event_handler
           LOCAL                   ADDRESS         
           =====                   =======         
           hci_event_unsol_flowcontrol_handler
                                   DE02 
               calls direct
               CSTACK = 00000000 ( 0000000C )
    -------------------------------------------------------------------------
<CODE> 1 (was CODE)
  Relative segment, address: E0D2 - E0FD (0x2c bytes), align: 1
  Segment part 7.
           ENTRY                   ADDRESS         REF BY
           =====                   =======         ======
           get_socket_active_status
                                   E0D2            HostFlowControlConsumeBuff (socket)
               CSTACK = 00000000 ( 00000002 )
    -------------------------------------------------------------------------
<CODE> 1 (was CODE)
  Relative segment, address: E45A - E469 (0x10 bytes), align: 1
  Segment part 6.
           ENTRY                   ADDRESS         REF BY
           =====                   =======         ======
           SimpleLinkWaitEvent     E45A            ?Subroutine0 (netapp)
                                                   ?Subroutine1 (wlan)
                                                   ?Subroutine3 (socket)
                                                   ?Subroutine4 (wlan)
                                                   ?Subroutine9 (socket)
                                                   simple_link_recv (socket)
                                                   wlan_start (wlan)
               calls direct
               CSTACK = 00000000 ( 00000002 )
    -------------------------------------------------------------------------
<CODE> 1 (was CODE)
  Relative segment, address: E644 - E64B (0x8 bytes), align: 1
  Segment part 5.
           ENTRY                   ADDRESS         REF BY
           =====                   =======         ======
           SimpleLinkWaitData      E644            simple_link_recv (socket)
               calls direct
               CSTACK = 00000000 ( 00000002 )
    -------------------------------------------------------------------------
DATA16_ID
  Relative segment, address: C22C - C22F (0x4 bytes), align: 1
  Segment part 3.             Intra module refs:   socket_active_status

    -------------------------------------------------------------------------
  LIBRARY MODULE, NAME : hci

  SEGMENTS IN THE MODULE
  ======================
<CODE> 1 (was CODE)
  Relative segment, address: DF8A - DFBB (0x32 bytes), align: 1
  Segment part 6.
           ENTRY                   ADDRESS         REF BY
           =====                   =======         ======
           hci_command_send        DF8A            ?Subroutine5 (wlan)
                                                   ?Subroutine7 (socket)
                                                   netapp_timeout_values (netapp)
                                                   simple_link_recv (socket)
                                                   wlan_start (wlan)
               calls direct
               CSTACK = 00000000 ( 00000006 )
    -------------------------------------------------------------------------
<CODE> 1 (was CODE)
  Relative segment, address: DE92 - DED7 (0x46 bytes), align: 1
  Segment part 5.
           ENTRY                   ADDRESS         REF BY
           =====                   =======         ======
           hci_data_send           DE92            ?Subroutine3 (socket)
               calls direct
               CSTACK = 00000000 ( 00000008 )
    -------------------------------------------------------------------------
<CODE> 1 (was CODE)
  Relative segment, address: D5D0 - D695 (0xc6 bytes), align: 1
  Segment part 2.
           ENTRY                   ADDRESS         REF BY
           =====                   =======         ======
           hci_patch_send          D5D0            hci_unsol_handle_patch_request (evnt_handler)
               calls direct
               CSTACK = 00000000 ( 00000010 )
    -------------------------------------------------------------------------
<CODE> 1 (was CODE)
  Relative segment, address: E606 - E611 (0xc bytes), align: 1
  Segment part 3.             Intra module refs:   hci_patch_send
           LOCAL                   ADDRESS         
           =====                   =======         
           ?Subroutine0            E606 

    -------------------------------------------------------------------------
  LIBRARY MODULE, NAME : netapp

  SEGMENTS IN THE MODULE
  ======================
<CODE> 1 (was CODE)
  Relative segment, address: E388 - E39B (0x14 bytes), align: 1
  Segment part 5.             Intra module refs:   netapp_timeout_values
           LOCAL                   ADDRESS         
           =====                   =======         
           ?Subroutine0            E388 
    -------------------------------------------------------------------------
<CODE> 1 (was CODE)
  Relative segment, address: D1BA - D295 (0xdc bytes), align: 1
  Segment part 3.
           ENTRY                   ADDRESS         REF BY
           =====                   =======         ======
           netapp_timeout_values   D1BA            Timeout (board)
               calls direct
               CSTACK = 00000000 ( 00000012 )

    -------------------------------------------------------------------------
  LIBRARY MODULE, NAME : socket

  SEGMENTS IN THE MODULE
  ======================
<CODE> 1 (was CODE)
  Relative segment, address: DCCE - DD1B (0x4e bytes), align: 1
  Segment part 45.            Intra module refs:   ?Subroutine3
           ENTRY                   ADDRESS         REF BY
           =====                   =======         ======
           HostFlowControlConsumeBuff
                                   DCCE 
               calls direct
               CSTACK = 00000000 ( 00000004 )
    -------------------------------------------------------------------------
<CODE> 1 (was CODE)
  Relative segment, address: CE6A - CE7B (0x12 bytes), align: 1
  Segment part 30.            Intra module refs:   bind
           LOCAL                   ADDRESS         
           =====                   =======         
           ?Subroutine0            CE6A 
    -------------------------------------------------------------------------
<CODE> 1 (was CODE)
  Relative segment, address: CE7C - CE87 (0xc bytes), align: 1
  Segment part 32.            Intra module refs:   socket
           LOCAL                   ADDRESS         
           =====                   =======         
           ?Subroutine6            CE7C 
    -------------------------------------------------------------------------
<CODE> 1 (was CODE)
  Relative segment, address: CE88 - CEA1 (0x1a bytes), align: 1
  Segment part 33.            Intra module refs:   ?Subroutine6
    -------------------------------------------------------------------------
<CODE> 1 (was CODE)
  Relative segment, address: CEA2 - CEB9 (0x18 bytes), align: 1
  Segment part 34.
           ENTRY                   ADDRESS         REF BY
           =====                   =======         ======
           bind                    CEA2            receiveMessage (Wifi)
               calls direct
               CSTACK = 00000000 ( 0000000A )
    -------------------------------------------------------------------------
<CODE> 1 (was CODE)
  Relative segment, address: CEBA - CEC3 (0xa bytes), align: 1
  Segment part 35.            Intra module refs:   bind
                                                   closesocket
                                                   socket
           LOCAL                   ADDRESS         
           =====                   =======         
           ?Subroutine7            CEBA 
    -------------------------------------------------------------------------
<CODE> 1 (was CODE)
  Relative segment, address: CEC4 - CF09 (0x46 bytes), align: 1
  Segment part 36.            Intra module refs:   bind
           LOCAL                   ADDRESS         
           =====                   =======         
           ?Subroutine5            CEC4 
    -------------------------------------------------------------------------
<CODE> 1 (was CODE)
  Relative segment, address: CF0A - CF13 (0xa bytes), align: 1
  Segment part 38.            Intra module refs:   simple_link_recv
           LOCAL                   ADDRESS         
           =====                   =======         
           ?Subroutine8            CF0A 
    -------------------------------------------------------------------------
<CODE> 1 (was CODE)
  Relative segment, address: CF14 - CF1B (0x8 bytes), align: 1
  Segment part 39.            Intra module refs:   ?Subroutine8
                                                   closesocket
           LOCAL                   ADDRESS         
           =====                   =======         
           ?Subroutine12           CF14 
    -------------------------------------------------------------------------
<CODE> 1 (was CODE)
  Relative segment, address: CF1C - CF59 (0x3e bytes), align: 1
  Segment part 40.
           ENTRY                   ADDRESS         REF BY
           =====                   =======         ======
           closesocket             CF1C            ?Subroutine13 (Wifi)
               calls direct
               CSTACK = 00000000 ( 0000000C )
    -------------------------------------------------------------------------
<CODE> 1 (was CODE)
  Relative segment, address: CF5A - CF5D (0x4 bytes), align: 1
  Segment part 41.            Intra module refs:   closesocket
                                                   socket
           LOCAL                   ADDRESS         
           =====                   =======         
           ?Subroutine4            CF5A 
    -------------------------------------------------------------------------
<CODE> 1 (was CODE)
  Relative segment, address: CF5E - CF69 (0xc bytes), align: 1
  Segment part 42.            Intra module refs:   ?Subroutine4
    -------------------------------------------------------------------------
<CODE> 1 (was CODE)
  Relative segment, address: CF6A - CF75 (0xc bytes), align: 1
  Segment part 43.            Intra module refs:   ?Subroutine0
                                                   closesocket
                                                   socket
           LOCAL                   ADDRESS         
           =====                   =======         
           ?Subroutine9            CF6A 
    -------------------------------------------------------------------------
<CODE> 1 (was CODE)
  Relative segment, address: CF76 - CFAF (0x3a bytes), align: 1
  Segment part 44.
           ENTRY                   ADDRESS         REF BY
           =====                   =======         ======
           socket                  CF76            ?Subroutine6 (Wifi)
               calls direct
               CSTACK = 00000000 ( 0000000C )
    -------------------------------------------------------------------------
<CODE> 1 (was CODE)
  Relative segment, address: DA00 - DA83 (0x84 bytes), align: 1
  Segment part 25.            Intra module refs:   ?Subroutine2
           ENTRY                   ADDRESS         REF BY
           =====                   =======         ======
           simple_link_recv        DA00 
               calls direct
               CSTACK = 00000000 ( 00000018 )
    -------------------------------------------------------------------------
<CODE> 1 (was CODE)
  Relative segment, address: CB60 - CB79 (0x1a bytes), align: 1
  Segment part 22.
           ENTRY                   ADDRESS         REF BY
           =====                   =======         ======
           recvfrom                CB60            receiveMessage (Wifi)
               calls direct
               CSTACK = 00000000 ( 00000010 )
    -------------------------------------------------------------------------
<CODE> 1 (was CODE)
  Relative segment, address: CB7A - CB83 (0xa bytes), align: 1
  Segment part 23.            Intra module refs:   recvfrom
           LOCAL                   ADDRESS         
           =====                   =======         
           ?Subroutine2            CB7A 
    -------------------------------------------------------------------------
<CODE> 1 (was CODE)
  Relative segment, address: CB84 - CCEF (0x16c bytes), align: 1
  Segment part 19.            Intra module refs:   simple_link_send
           LOCAL                   ADDRESS         
           =====                   =======         
           ?Subroutine3            CB84 
    -------------------------------------------------------------------------
<CODE> 1 (was CODE)
  Relative segment, address: CCF0 - CCF9 (0xa bytes), align: 1
  Segment part 20.            Intra module refs:   ?Subroutine3
           LOCAL                   ADDRESS         
           =====                   =======         
           ?Subroutine11           CCF0 
    -------------------------------------------------------------------------
<CODE> 1 (was CODE)
  Relative segment, address: CCFA - CCFB (0x2 bytes), align: 1
  Segment part 21.            Intra module refs:   ?Subroutine1
           ENTRY                   ADDRESS         REF BY
           =====                   =======         ======
           simple_link_send        CCFA 
               calls direct
               CSTACK = 00000000 ( 00000032 )
    -------------------------------------------------------------------------
<CODE> 1 (was CODE)
  Relative segment, address: E17C - E199 (0x1e bytes), align: 1
  Segment part 14.
           ENTRY                   ADDRESS         REF BY
           =====                   =======         ======
           sendto                  E17C            sendMessage (Wifi)
               calls direct
               CSTACK = 00000000 ( 00000012 )
    -------------------------------------------------------------------------
<CODE> 1 (was CODE)
  Relative segment, address: E19A - E19D (0x4 bytes), align: 1
  Segment part 15.            Intra module refs:   sendto
           LOCAL                   ADDRESS         
           =====                   =======         
           ?Subroutine1            E19A 
    -------------------------------------------------------------------------
<CODE> 1 (was CODE)
  Relative segment, address: E19E - E1A3 (0x6 bytes), align: 1
  Segment part 16.            Intra module refs:   ?Subroutine1

    -------------------------------------------------------------------------
  LIBRARY MODULE, NAME : wlan

  SEGMENTS IN THE MODULE
  ======================
DATA16_Z
  Relative segment, address: 020A - 0237 (0x2e bytes), align: 1
  Segment part 3.             Intra module refs:   ?Subroutine2
                                                   ?Subroutine3
                                                   ?Subroutine7
                                                   SpiReceiveHandler
                                                   wlan_init
                                                   wlan_ioctl_del_profile
                                                   wlan_set_event_mask
                                                   wlan_smart_config_set_prefix
                                                   wlan_start
                                                   wlan_stop
           ENTRY                   ADDRESS         REF BY
           =====                   =======         ======
           tSLInformation          020A            ?Subroutine3 (socket)
                                                   ?Subroutine5 (socket)
                                                   ?Subroutine8 (socket)
                                                   HostFlowControlConsumeBuff (socket)
                                                   Segment part 33 (socket)
                                                   SimpleLinkWaitData (evnt_handler)
                                                   SimpleLinkWaitEvent (evnt_handler)
                                                   SpiClose (spi)
                                                   SpiOpen (spi)
                                                   SpiWrite (spi)
                                                   closesocket (socket)
                                                   hci_event_handler (evnt_handler)
                                                   hci_event_unsol_flowcontrol_handler (evnt_handler)
                                                   hci_unsol_event_handler (evnt_handler)
                                                   hci_unsol_handle_patch_request (evnt_handler)
                                                   hci_unsolicited_event_handler (evnt_handler)
                                                   netapp_timeout_values (netapp)
    -------------------------------------------------------------------------
<CODE> 1 (was CODE)
  Relative segment, address: DFEC - E019 (0x2e bytes), align: 1
  Segment part 29.
           ENTRY                   ADDRESS         REF BY
           =====                   =======         ======
           wlan_init               DFEC            initDriver (Wifi)
               CSTACK = 00000000 ( 00000002 )
    -------------------------------------------------------------------------
<CODE> 1 (was CODE)
  Relative segment, address: E5D6 - E5E1 (0xc bytes), align: 1
  Segment part 28.            Intra module refs:   wlan_start
           ENTRY                   ADDRESS         REF BY
           =====                   =======         ======
           SpiReceiveHandler       E5D6 
               calls direct
               CSTACK = 00000000 ( 00000002 )
    -------------------------------------------------------------------------
<CODE> 1 (was CODE)
  Relative segment, address: D696 - D755 (0xc0 bytes), align: 1
  Segment part 26.
           ENTRY                   ADDRESS         REF BY
           =====                   =======         ======
           wlan_start              D696            StartSmartConfig (SmartConfig)
                                                   initDriver (Wifi)
               calls direct and indirect
               CSTACK = 00000000 ( 0000000A )
    -------------------------------------------------------------------------
<CODE> 1 (was CODE)
  Relative segment, address: E63A - E643 (0xa bytes), align: 1
  Segment part 27.            Intra module refs:   wlan_start
           LOCAL                   ADDRESS         
           =====                   =======         
           ?Subroutine8            E63A 
    -------------------------------------------------------------------------
<CODE> 1 (was CODE)
  Relative segment, address: E236 - E255 (0x20 bytes), align: 1
  Segment part 25.
           ENTRY                   ADDRESS         REF BY
           =====                   =======         ======
           wlan_stop               E236            StartSmartConfig (SmartConfig)
               calls direct and indirect
               CSTACK = 00000000 ( 00000002 )
    -------------------------------------------------------------------------
<CODE> 1 (was CODE)
  Relative segment, address: C7FE - C859 (0x5c bytes), align: 1
  Segment part 4.
           ENTRY                   ADDRESS         REF BY
           =====                   =======         ======
           wlan_smart_config_set_prefix
                                   C7FE            StartSmartConfig (SmartConfig)
               calls direct
               CSTACK = 00000000 ( 00000008 )
    -------------------------------------------------------------------------
<CODE> 1 (was CODE)
  Relative segment, address: C85A - C85D (0x4 bytes), align: 1
  Segment part 5.             Intra module refs:   wlan_ioctl_del_profile
                                                   wlan_smart_config_start
           LOCAL                   ADDRESS         
           =====                   =======         
           ?Subroutine0            C85A 
    -------------------------------------------------------------------------
<CODE> 1 (was CODE)
  Relative segment, address: C85E - C863 (0x6 bytes), align: 1
  Segment part 6.             Intra module refs:   ?Subroutine0
                                                   wlan_set_event_mask
                                                   wlan_smart_config_set_prefix
    -------------------------------------------------------------------------
<CODE> 1 (was CODE)
  Relative segment, address: C864 - C867 (0x4 bytes), align: 1
  Segment part 8.             Intra module refs:   wlan_ioctl_statusget
           LOCAL                   ADDRESS         
           =====                   =======         
           ?Subroutine1            C864 
    -------------------------------------------------------------------------
<CODE> 1 (was CODE)
  Relative segment, address: C868 - C871 (0xa bytes), align: 1
  Segment part 9.             Intra module refs:   ?Subroutine1
    -------------------------------------------------------------------------
<CODE> 1 (was CODE)
  Relative segment, address: C872 - C88F (0x1e bytes), align: 1
  Segment part 10.
           ENTRY                   ADDRESS         REF BY
           =====                   =======         ======
           wlan_smart_config_start
                                   C872            StartSmartConfig (SmartConfig)
               calls direct
               CSTACK = 00000000 ( 00000008 )
    -------------------------------------------------------------------------
<CODE> 1 (was CODE)
  Relative segment, address: C890 - C8A3 (0x14 bytes), align: 1
  Segment part 11.
           ENTRY                   ADDRESS         REF BY
           =====                   =======         ======
           wlan_ioctl_statusget    C890            sendSmartConfigComplete (Charger_States)
               calls direct
               CSTACK = 00000000 ( 00000006 )
    -------------------------------------------------------------------------
<CODE> 1 (was CODE)
  Relative segment, address: C8A4 - C8AF (0xc bytes), align: 1
  Segment part 12.            Intra module refs:   wlan_ioctl_statusget
           LOCAL                   ADDRESS         
           =====                   =======         
           ?Subroutine2            C8A4 
    -------------------------------------------------------------------------
<CODE> 1 (was CODE)
  Relative segment, address: C8B0 - C8FD (0x4e bytes), align: 1
  Segment part 13.
           ENTRY                   ADDRESS         REF BY
           =====                   =======         ======
           wlan_set_event_mask     C8B0            StartSmartConfig (SmartConfig)
                                                   initDriver (Wifi)
               calls direct
               CSTACK = 00000000 ( 00000008 )
    -------------------------------------------------------------------------
<CODE> 1 (was CODE)
  Relative segment, address: C8FE - C907 (0xa bytes), align: 1
  Segment part 14.            Intra module refs:   wlan_ioctl_del_profile
                                                   wlan_ioctl_set_connection_policy
                                                   wlan_ioctl_statusget
                                                   wlan_set_event_mask
                                                   wlan_smart_config_set_prefix
                                                   wlan_smart_config_start
           LOCAL                   ADDRESS         
           =====                   =======         
           ?Subroutine5            C8FE 
    -------------------------------------------------------------------------
<CODE> 1 (was CODE)
  Relative segment, address: C908 - C915 (0xe bytes), align: 1
  Segment part 15.            Intra module refs:   ?Subroutine0
                                                   wlan_ioctl_set_connection_policy
                                                   wlan_set_event_mask
                                                   wlan_smart_config_set_prefix
           LOCAL                   ADDRESS         
           =====                   =======         
           ?Subroutine4            C908 
    -------------------------------------------------------------------------
<CODE> 1 (was CODE)
  Relative segment, address: C916 - C927 (0x12 bytes), align: 1
  Segment part 16.            Intra module refs:   wlan_set_event_mask
                                                   wlan_smart_config_start
           LOCAL                   ADDRESS         
           =====                   =======         
           ?Subroutine3            C916 
    -------------------------------------------------------------------------
<CODE> 1 (was CODE)
  Relative segment, address: C928 - C94F (0x28 bytes), align: 1
  Segment part 17.
           ENTRY                   ADDRESS         REF BY
           =====                   =======         ======
           wlan_ioctl_del_profile
                                   C928            StartSmartConfig (SmartConfig)
               calls direct
               CSTACK = 00000000 ( 00000008 )
    -------------------------------------------------------------------------
<CODE> 1 (was CODE)
  Relative segment, address: C950 - C959 (0xa bytes), align: 1
  Segment part 18.            Intra module refs:   wlan_ioctl_del_profile
                                                   wlan_smart_config_start
           LOCAL                   ADDRESS         
           =====                   =======         
           ?Subroutine6            C950 
    -------------------------------------------------------------------------
<CODE> 1 (was CODE)
  Relative segment, address: C95A - C963 (0xa bytes), align: 1
  Segment part 19.            Intra module refs:   ?Subroutine2
                                                   ?Subroutine3
                                                   ?Subroutine6
                                                   ?Subroutine7
           LOCAL                   ADDRESS         
           =====                   =======         
           ?Subroutine9            C95A 
    -------------------------------------------------------------------------
<CODE> 1 (was CODE)
  Relative segment, address: C964 - C9AD (0x4a bytes), align: 1
  Segment part 21.
           ENTRY                   ADDRESS         REF BY
           =====                   =======         ======
           wlan_ioctl_set_connection_policy
                                   C964            Segment part 4 (SmartConfig)
               calls direct
               CSTACK = 00000000 ( 0000000C )
    -------------------------------------------------------------------------
<CODE> 1 (was CODE)
  Relative segment, address: C9AE - C9B7 (0xa bytes), align: 1
  Segment part 24.            Intra module refs:   wlan_ioctl_set_connection_policy
           LOCAL                   ADDRESS         
           =====                   =======         
           ?Subroutine7            C9AE 

    *************************************************************************

  FILE NAME : Z:\EV_Charger\EV_Charger\Debug\Exe\CC3000_Spi.r43
  LIBRARY MODULE, NAME : spi

  SEGMENTS IN THE MODULE
  ======================
DATA16_AN
  Relative segment, address: 0004 - 0004 (0x1 bytes), align: 0
  Segment part 2. ROOT        Intra module refs:   init_spi
           ENTRY                   ADDRESS         REF BY
           =====                   =======         ======
           ME1                     0004 
    -------------------------------------------------------------------------
DATA16_AN
  Relative segment, address: 0023 - 0023 (0x1 bytes), align: 0
  Segment part 3. ROOT        Intra module refs:   IntSpiGPIOHandler
           ENTRY                   ADDRESS         REF BY
           =====                   =======         ======
           P1IFG                   0023 
    -------------------------------------------------------------------------
DATA16_AN
  Relative segment, address: 0070 - 0070 (0x1 bytes), align: 0
  Segment part 6. ROOT        Intra module refs:   init_spi
           ENTRY                   ADDRESS         REF BY
           =====                   =======         ======
           U0CTL                   0070 
    -------------------------------------------------------------------------
DATA16_AN
  Relative segment, address: 0071 - 0071 (0x1 bytes), align: 0
  Segment part 7. ROOT        Intra module refs:   init_spi
           ENTRY                   ADDRESS         REF BY
           =====                   =======         ======
           U0TCTL                  0071 
    -------------------------------------------------------------------------
DATA16_AN
  Relative segment, address: 0073 - 0073 (0x1 bytes), align: 0
  Segment part 8. ROOT        Intra module refs:   init_spi
           ENTRY                   ADDRESS         REF BY
           =====                   =======         ======
           U0MCTL                  0073 
    -------------------------------------------------------------------------
DATA16_AN
  Relative segment, address: 0074 - 0074 (0x1 bytes), align: 0
  Segment part 9. ROOT        Intra module refs:   init_spi
           ENTRY                   ADDRESS         REF BY
           =====                   =======         ======
           U0BR0                   0074 
    -------------------------------------------------------------------------
DATA16_AN
  Relative segment, address: 0075 - 0075 (0x1 bytes), align: 0
  Segment part 10. ROOT       Intra module refs:   init_spi
           ENTRY                   ADDRESS         REF BY
           =====                   =======         ======
           U0BR1                   0075 
    -------------------------------------------------------------------------
DATA16_AN
  Relative segment, address: 0076 - 0076 (0x1 bytes), align: 0
  Segment part 11. ROOT       Intra module refs:   SpiFirstWrite
                                                   SpiReadDataSynchronous
                                                   SpiWriteDataSynchronous
           ENTRY                   ADDRESS         REF BY
           =====                   =======         ======
           U0RXBUF                 0076 
    -------------------------------------------------------------------------
DATA16_AN
  Relative segment, address: 0077 - 0077 (0x1 bytes), align: 0
  Segment part 12. ROOT       Intra module refs:   SpiFirstWrite
                                                   SpiReadDataSynchronous
                                                   SpiWriteDataSynchronous
           ENTRY                   ADDRESS         REF BY
           =====                   =======         ======
           U0TXBUF                 0077 
    -------------------------------------------------------------------------
DATA16_Z
  Relative segment, address: 0238 - 0245 (0xe bytes), align: 1
  Segment part 15.            Intra module refs:   ?Subroutine5
                                                   IntSpiGPIOHandler
                                                   Segment part 37
                                                   SpiClose
                                                   SpiOpen
                                                   SpiReadDataCont
                                                   SpiTriggerRxProcessing
                                                   SpiWrite
           ENTRY                   ADDRESS         REF BY
           =====                   =======         ======
           sSpiInformation         0238 
    -------------------------------------------------------------------------
DATA16_I
  Relative segment, address: 0204 - 0208 (0x5 bytes), align: 0
  Segment part 16.            Intra module refs:   ?Subroutine3
           ENTRY                   ADDRESS         REF BY
           =====                   =======         ======
           tSpiReadHeader          0204 
    -------------------------------------------------------------------------
DATA16_N
  Relative segment, address: 0283 - 02AE (0x2c bytes), align: 0
  Segment part 18.            Intra module refs:   SpiOpen
           ENTRY                   ADDRESS         REF BY
           =====                   =======         ======
           spi_buffer              0283 
    -------------------------------------------------------------------------
DATA16_N
  Relative segment, address: 02AF - 02E9 (0x3b bytes), align: 0
  Segment part 19.            Intra module refs:   SpiOpen
                                                   SpiWrite
           ENTRY                   ADDRESS         REF BY
           =====                   =======         ======
           wlan_tx_buffer          02AF            wlan_start (wlan)
    -------------------------------------------------------------------------
<CODE> 1 (was CODE)
  Relative segment, address: E568 - E575 (0xe bytes), align: 1
  Segment part 42.
           ENTRY                   ADDRESS         REF BY
           =====                   =======         ======
           SpiClose                E568            wlan_stop (wlan)
               calls indirect
               CSTACK = 00000000 ( 00000002 )
    -------------------------------------------------------------------------
<CODE> 1 (was CODE)
  Relative segment, address: E048 - E075 (0x2e bytes), align: 1
  Segment part 41.
           ENTRY                   ADDRESS         REF BY
           =====                   =======         ======
           SpiOpen                 E048            wlan_start (wlan)
               calls indirect
               CSTACK = 00000000 ( 00000002 )
    -------------------------------------------------------------------------
<CODE> 1 (was CODE)
  Relative segment, address: E0FE - E129 (0x2c bytes), align: 1
  Segment part 40.
           ENTRY                   ADDRESS         REF BY
           =====                   =======         ======
           init_spi                E0FE            initDriver (Wifi)
               CSTACK = 00000000 ( 00000002 )
    -------------------------------------------------------------------------
<CODE> 1 (was CODE)
  Relative segment, address: E3E4 - E3E7 (0x4 bytes), align: 1
  Segment part 36.            Intra module refs:   SpiFirstWrite
                                                   SpiWrite
           LOCAL                   ADDRESS         
           =====                   =======         
           ?Subroutine1            E3E4 
    -------------------------------------------------------------------------
<CODE> 1 (was CODE)
  Relative segment, address: E3E8 - E3F5 (0xe bytes), align: 1
  Segment part 37.            Intra module refs:   ?Subroutine1
                                                   IntSpiGPIOHandler
    -------------------------------------------------------------------------
<CODE> 1 (was CODE)
  Relative segment, address: DED8 - DF1B (0x44 bytes), align: 1
  Segment part 38.            Intra module refs:   SpiWrite
           ENTRY                   ADDRESS         REF BY
           =====                   =======         ======
           SpiFirstWrite           DED8 
               calls direct
               CSTACK = 00000000 ( 00000002 )
    -------------------------------------------------------------------------
<CODE> 1 (was CODE)
  Relative segment, address: D8C8 - D96F (0xa8 bytes), align: 1
  Segment part 34.
           ENTRY                   ADDRESS         REF BY
           =====                   =======         ======
           SpiWrite                D8C8            hci_command_send (hci)
                                                   hci_data_send (hci)
                                                   hci_patch_send (hci)
               calls direct and indirect
               CSTACK = 00000000 ( 00000006 )
    -------------------------------------------------------------------------
<CODE> 1 (was CODE)
  Relative segment, address: E4F8 - E505 (0xe bytes), align: 1
  Segment part 35.            Intra module refs:   SpiWrite
           LOCAL                   ADDRESS         
           =====                   =======         
           ?Subroutine5            E4F8 
    -------------------------------------------------------------------------
<CODE> 1 (was CODE)
  Relative segment, address: E304 - E31D (0x1a bytes), align: 1
  Segment part 33.            Intra module refs:   ?Subroutine1
                                                   IntSpiGPIOHandler
           ENTRY                   ADDRESS         REF BY
           =====                   =======         ======
           SpiWriteDataSynchronous
                                   E304 
               CSTACK = 00000000 ( 00000002 )
    -------------------------------------------------------------------------
<CODE> 1 (was CODE)
  Relative segment, address: E514 - E521 (0xe bytes), align: 1
  Segment part 39.            Intra module refs:   SpiFirstWrite
                                                   SpiWriteDataSynchronous
           LOCAL                   ADDRESS         
           =====                   =======         
           ?Subroutine4            E514 
    -------------------------------------------------------------------------
<CODE> 1 (was CODE)
  Relative segment, address: E1F4 - E215 (0x22 bytes), align: 1
  Segment part 31.            Intra module refs:   ?Subroutine2
                                                   IntSpiGPIOHandler
[...]
                                                   tSLInformation (wlan)
                                                   tSocketAddr (Wifi)
                                                   ucStopSmartConfig (Wifi)
                                                   ulArpStatus (Wifi)
                                                   ulCC3000Connected (Wifi)
                                                   ulCC3000DHCP (Wifi)
                                                   ulCC3000DHCP_configured (Wifi)
                                                   ulSmartConfigFinished (Wifi)
                                                   ulSocket (Wifi)
    -------------------------------------------------------------------------
CSTART
  Relative segment, address: C246 - C255 (0x10 bytes), align: 1
  Segment part 14.
           ENTRY                   ADDRESS         REF BY
           =====                   =======         ======
           ?cstart_init_copy       C246            socket_active_status (evnt_handler)
                                                   tSpiReadHeader (spi)
    -------------------------------------------------------------------------
CSTART
  Relative segment, address: C256 - C25D (0x8 bytes), align: 1
  Segment part 18.            Intra module refs:   Segment part 9
           ENTRY                   ADDRESS         REF BY
           =====                   =======         ======
           ?cstart_call_main       C256 
           ?cstart_end             C25E 

    -------------------------------------------------------------------------
  LIBRARY MODULE, NAME : ?reset_vector

  SEGMENTS IN THE MODULE
  ======================
RESET
  Relative segment, address: FFFE - FFFF (0x2 bytes), align: 1
  Segment part 0.
           ENTRY                   ADDRESS         REF BY
           =====                   =======         ======
           ?reset_vector           FFFE            Segment part 9 (?cstart)

    -------------------------------------------------------------------------
  LIBRARY MODULE, NAME : ?Epilogue

  SEGMENTS IN THE MODULE
  ======================
<CODE> 1 (was CODE)
  Relative segment, address: E3AE - E3BF (0x12 bytes), align: 1
  Segment part 0.
           ENTRY                   ADDRESS         REF BY
           =====                   =======         ======
           ?Epilogue3              E3B8            Segment part 42 (socket)
                                                   hci_data_send (hci)
                                                   out (?xprintftiny)
                                                   set_Registers (FlashMemory)
                                                   wlan_ioctl_set_connection_policy (wlan)
           ?Epilogue4              E3B6            checkMessage (Listener)
                                                   initDriver (Wifi)
                                                   itoa (Wifi)
                                                   read_Registers (FlashMemory)
                                                   set_socket_active_status (evnt_handler)
                                                   wlan_start (wlan)
           ?Epilogue5              E3B4            calculatePower (Wattmeter)
                                                   hci_event_unsol_flowcontrol_handler (evnt_handler)
                                                   simple_link_recv (socket)
           ?Epilogue6              E3B2            _PrintfTiny (?xprintftiny)
                                                   hci_unsol_event_handler (evnt_handler)
           ?Epilogue7              E3B0            hci_patch_send (hci)
                                                   netapp_timeout_values (netapp)
           ?Epilogue8              E3AE            ?Subroutine3 (socket)
                                                   hci_event_handler (evnt_handler)

    -------------------------------------------------------------------------
  LIBRARY MODULE, NAME : ?errno

  SEGMENTS IN THE MODULE
  ======================
DATA16_Z
  Relative segment, address: 0278 - 0279 (0x2 bytes), align: 1
  Segment part 2.
           ENTRY                   ADDRESS         REF BY
           =====                   =======         ======
           __iar_Errno             0278            ?Subroutine9 (socket)
                                                   HostFlowControlConsumeBuff (socket)
                                                   simple_link_recv (socket)

    -------------------------------------------------------------------------
  LIBRARY MODULE, NAME : ?exit

  SEGMENTS IN THE MODULE
  ======================
<CODE> 1 (was CODE)
  Relative segment, address: E674 - E677 (0x4 bytes), align: 1
  Segment part 2.
           ENTRY                   ADDRESS         REF BY
           =====                   =======         ======
           exit                    E674            Segment part 18 (?cstart)
               calls direct
               CSTACK = 00000000 ( 00000002 )

    -------------------------------------------------------------------------
  LIBRARY MODULE, NAME : ?DivMod816u

  SEGMENTS IN THE MODULE
  ======================
<CODE> 1 (was CODE)
  Relative segment, address: E2B2 - E2CD (0x1c bytes), align: 1
  Segment part 0.
           ENTRY                   ADDRESS         REF BY
           =====                   =======         ======
           ?DivMod8u               E2B2            ?Subroutine11 (Wifi)
                                                   ?Subroutine12 (Wifi)
           ?DivMod16u              E2B6            Segment part 5 (?xprintftiny)
                                                   hci_patch_send (hci)

    -------------------------------------------------------------------------
  LIBRARY MODULE, NAME : ?ShiftLeft16

  SEGMENTS IN THE MODULE
  ======================
<CODE> 1 (was CODE)
  Relative segment, address: E5A6 - E5B1 (0xc bytes), align: 1
  Segment part 0.
           ENTRY                   ADDRESS         REF BY
           =====                   =======         ======
           ?ShiftLeft16            E5A6            get_socket_active_status (evnt_handler)
                                                   set_socket_active_status (evnt_handler)

    -------------------------------------------------------------------------
  LIBRARY MODULE, NAME : ?ShiftLeft32

  SEGMENTS IN THE MODULE
  ======================
<CODE> 1 (was CODE)
  Relative segment, address: E2CE - E2E9 (0x1c bytes), align: 1
  Segment part 0.
           ENTRY                   ADDRESS         REF BY
           =====                   =======         ======
           ?ShiftLeft32            E2CE            set_socket_active_status (evnt_handler)

    -------------------------------------------------------------------------
  LIBRARY MODULE, NAME : ?ShiftLeft32_8n

  SEGMENTS IN THE MODULE
  ======================
<CODE> 1 (was CODE)
  Relative segment, address: E5EE - E5F9 (0xc bytes), align: 1
  Segment part 6.
           ENTRY                   ADDRESS         REF BY
           =====                   =======         ======
           ?ShiftLeft32_8          E5EE            STREAM_TO_UINT32_f (cc3000_common)

    -------------------------------------------------------------------------
  LIBRARY MODULE, NAME : ?memcpy

  SEGMENTS IN THE MODULE
  ======================
<CODE> 1 (was CODE)
  Relative segment, address: E3C0 - E3D1 (0x12 bytes), align: 1
  Segment part 2.
           ENTRY                   ADDRESS         REF BY
           =====                   =======         ======
           memcpy                  E3C0            ?Subroutine0 (hci)
                                                   __data16_memcpy (?memzero)
                                                   hci_event_handler (evnt_handler)
                                                   hci_patch_send (hci)
               CSTACK = 00000000 ( 00000002 )

    -------------------------------------------------------------------------
  LIBRARY MODULE, NAME : ?CopyMemoryBytes

  SEGMENTS IN THE MODULE
  ======================
<CODE> 1 (was CODE)
  Relative segment, address: E44A - E459 (0x10 bytes), align: 1
  Segment part 0.
           ENTRY                   ADDRESS         REF BY
           =====                   =======         ======
           ?CopyMemoryBytes        E44A            sendSmartConfigComplete (Charger_States)

    -------------------------------------------------------------------------
  LIBRARY MODULE, NAME : ?ClearMemoryBytes

  SEGMENTS IN THE MODULE
  ======================
<CODE> 1 (was CODE)
  Relative segment, address: E41A - E429 (0x10 bytes), align: 1
  Segment part 0.
           ENTRY                   ADDRESS         REF BY
           =====                   =======         ======
           ?ClearMemoryBytes       E41A            checkMessage (Listener)

    -------------------------------------------------------------------------
  LIBRARY MODULE, NAME : ?memset

  SEGMENTS IN THE MODULE
  ======================
<CODE> 1 (was CODE)
  Relative segment, address: E408 - E419 (0x12 bytes), align: 1
  Segment part 2.
           ENTRY                   ADDRESS         REF BY
           =====                   =======         ======
           memset                  E408            receiveMessage (Wifi)
               CSTACK = 00000000 ( 00000002 )

    -------------------------------------------------------------------------
  LIBRARY MODULE, NAME : ?memzero

  SEGMENTS IN THE MODULE
  ======================
<CODE> 1 (was CODE)
  Relative segment, address: E39C - E3AD (0x12 bytes), align: 1
  Segment part 4.
           ENTRY                   ADDRESS         REF BY
           =====                   =======         ======
           __data16_memzero        E39C            ?cstart_init_zero (?cstart)
               CSTACK = 00000000 ( 00000002 )
    -------------------------------------------------------------------------
<CODE> 1 (was CODE)
  Relative segment, address: E670 - E673 (0x4 bytes), align: 1
  Segment part 3.
           ENTRY                   ADDRESS         REF BY
           =====                   =======         ======
           __data16_memcpy         E670            ?cstart_init_copy (?cstart)
               calls direct
               CSTACK = 00000000 ( 00000002 )

    -------------------------------------------------------------------------
  LIBRARY MODULE, NAME : ?mul64ihw

  SEGMENTS IN THE MODULE
  ======================
<CODE> 1 (was CODE)
  Relative segment, address: E076 - E0A3 (0x2e bytes), align: 1
  Segment part 3.             Intra module refs:   _Mul64iHw
           LOCAL                   ADDRESS         
           =====                   =======         
           __hw_mul4               E076 
               CSTACK = 00000000 ( 00000002 )
    -------------------------------------------------------------------------
<CODE> 1 (was CODE)
  Relative segment, address: D816 - D8C7 (0xb2 bytes), align: 1
  Segment part 2.
           ENTRY                   ADDRESS         REF BY
           =====                   =======         ======
           _Mul64iHw               D816            calculatePower (Wattmeter)
               monitor function
               calls direct
               CSTACK = 00000000 ( 0000001E )

    -------------------------------------------------------------------------
  LIBRARY MODULE, NAME : ?sprintf

  SEGMENTS IN THE MODULE
  ======================
<CODE> 1 (was CODE)
  Relative segment, address: DF54 - DF89 (0x36 bytes), align: 1
  Segment part 2.
           ENTRY                   ADDRESS         REF BY
           =====                   =======         ======
           sprintf                 DF54            CC3000_UsynchCallback (Wifi)
               calls direct
               CSTACK = 00000000 ( 00000008 )

    -------------------------------------------------------------------------
  LIBRARY MODULE, NAME : ?strlen

  SEGMENTS IN THE MODULE
  ======================
<CODE> 1 (was CODE)
  Relative segment, address: E3F6 - E407 (0x12 bytes), align: 1
  Segment part 2.
           ENTRY                   ADDRESS         REF BY
           =====                   =======         ======
           strlen                  E3F6            _PrintfTiny (?xprintftiny)
               CSTACK = 00000000 ( 00000002 )

    -------------------------------------------------------------------------
  LIBRARY MODULE, NAME : ?xprintftiny

  SEGMENTS IN THE MODULE
  ======================
<CODE> 1 (was CODE)
  Relative segment, address: E294 - E2B1 (0x1e bytes), align: 1
  Segment part 8.             Intra module refs:   _PrintfTiny
           LOCAL                   ADDRESS         
           =====                   =======         
           out                     E294 
               calls indirect
               CSTACK = 00000000 ( 00000008 )
    -------------------------------------------------------------------------
<CODE> 1 (was CODE)
  Relative segment, address: CCFC - CE69 (0x16e bytes), align: 1
  Segment part 4.
           ENTRY                   ADDRESS         REF BY
           =====                   =======         ======
           _PrintfTiny             CCFC            sprintf (?sprintf)
               calls direct and indirect
               CSTACK = 00000000 ( 00000022 )
    -------------------------------------------------------------------------
<CODE> 1 (was CODE)
  Relative segment, address: E630 - E639 (0xa bytes), align: 1
  Segment part 5.             Intra module refs:   _PrintfTiny
    -------------------------------------------------------------------------
<CODE> 1 (was CODE)
  Relative segment, address: E58E - E599 (0xc bytes), align: 1
  Segment part 6.             Intra module refs:   _PrintfTiny
    -------------------------------------------------------------------------
<CODE> 1 (was CODE)
  Relative segment, address: E530 - E53D (0xe bytes), align: 1
  Segment part 7.             Intra module refs:   _PrintfTiny
    -------------------------------------------------------------------------
DATA16_C
  Relative segment, address: C227 - C228 (0x2 bytes), align: 0
  Segment part 2.             Intra module refs:   _PrintfTiny
    -------------------------------------------------------------------------
DATA16_C
  Relative segment, address: C229 - C22A (0x2 bytes), align: 0
  Segment part 3.             Intra module refs:   _PrintfTiny

    -------------------------------------------------------------------------
  LIBRARY MODULE, NAME : ?xsprout

  SEGMENTS IN THE MODULE
  ======================
<CODE> 1 (was CODE)
  Relative segment, address: E4DA - E4E9 (0x10 bytes), align: 1
  Segment part 2.
           ENTRY                   ADDRESS         REF BY
           =====                   =======         ======
           _SProut                 E4DA            sprintf (?sprintf)
               CSTACK = 00000000 ( 00000002 )




                ****************************************
                *                                      *
                *            MODULE SUMMARY            *
                *                                      *
                ****************************************

Module               CODE      DATA      CONST
------               ----      ----      -----
                    (Rel)  (Rel)  (Abs)  (Rel)
?ClearMemoryBytes      16
?CopyMemoryBytes       16
?DivMod816u            28
?Epilogue              18
?ShiftLeft16           12
?ShiftLeft32           28
?ShiftLeft32_8n        12
?__dbg_break            2
?__exit                20
?_exit                  4
?cstart                40
?errno                         2
?exit                   4
?memcpy                18
?memset                18
?memzero               22
?mul64ihw             224
?reset_vector           2
?sprintf               54
?strlen                18
?xprintftiny          432                    4
?xsprout               16
Analog_sampling       110            10
  + shared             26             7
  + common
Charger_States        510                    8
  + shared                            4
ControlPilot          270
FlashMemory           516             6
Listener              290
Main                  112     12      1
SmartConfig           220
Wattmeter              80
Wifi                  908     64            31
board                 400      1     21
  + shared             22             6
  + common
cc3000_common         110
evnt_handler        1 686      8             4
hci                   330
netapp                240
socket                988
spi                   778    122      9      5
  + common             10
wlan                  734     46
N/A (command line)           256
N/A (alignment)
----------          -----    ---     --     --
Total:              9 286    511     64     52
  + common             26


                ****************************************
                *                                      *
                *      SEGMENTS IN ADDRESS ORDER       *
                *                                      *
                ****************************************


SEGMENT              SPACE    START ADDRESS   END ADDRESS     SIZE  TYPE  ALIGN
=======              =====    =============   ===========     ====  ====  =====
DATA16_AN                              0000 - 0000               1   rel    0
                                       0002 - 0002               1 
                                       0004 - 0004               1 
                                       0020 - 0026               7 
                                       0029 - 002A               2 
                                       002E - 002E               1 
                                       0041 - 0042               2 
                                       0053 - 0053               1 
                                       0055 - 0055               1 
                                       0057 - 0058               2 
                                       0070 - 0071               2 
                                       0073 - 0077               5 
                                       0100 - 0107               8 
                                       0110 - 0115               6 
                                       0120 - 0121               2 
                                       0128 - 012F               8 
                                       0160 - 0161               2 
                                       0164 - 0167               4 
                                       0172 - 0177               6 
                                       01AE - 01AF               2 
DATA16_I                               0200 - 0208               9   rel    1
DATA16_Z                               020A - 0282              79   rel    1
DATA16_N                               0283 - 02FF              7D   rel    0
CSTACK                                 0300 - 03FF             100   rel    1
DATA16_C                               C200 - C22A              2B   rel    0
DATA16_ID                              C22C - C234               9   rel    1
CSTART                                 C236 - C25D              28   rel    1
<CODE> 1                               C25E - E679            241C   rel    1
INTVEC                                 FFE0 - FFF9              1A   com    1
RESET                                  FFFE - FFFF               2   rel    1

                ****************************************
                *                                      *
                *        END OF CROSS REFERENCE        *
                *                                      *
                ****************************************

 9 312 bytes of CODE  memory
   511 bytes of DATA  memory (+ 64 absolute )
    52 bytes of CONST memory

Errors: none
Warnings: none

